= null

Output:
== 'Santa Clarita Christian': 3
  #526 [warMemorials] Rudy Alexander Acosta /rudy-alexander-acosta
  #21783 [organizations] Santa Clarita Christian School /santa-clarita-christian-school
  #21799 [educations] Rudy Alexander Acosta at Santa Clarita Christian School /rudy-alexander-acosta-at-santa-clarita-christian-school
== 'SCCS': 0
== 'Santa Clarita Baptist': 0
== 'Temple Baptist': 0
== 'First Baptist Church of Saugus': 0
== 'Saugus First Baptist': 0
== 'Canyon Country Christian': 0
== 'Luther Dr': 4
  #3639 [photographs] Frontier Days Parade 1995: Valencia High Band & Flag Team /frontier-days-parade-1995-valencia-high-band-flag-team
  #4483 [photographs] Frontier Days Celebration: Official's Badge, 1988. /frontier-days-celebration-officials-badge-1988
  #5459 [photographs] Frontier Days Pinback, ''Brother of the Brush,'' 1960s /frontier-days-pinback-brother-of-the-brush-1960s
  #12272 [articles] This isn't your mother's Canyon Country /this-isnt-your-mothers-canyon-country
== 'Newhall Elementary': 29
  #1434 [articles] Rancho San Francisco: A Study of a California Land Grant (1957) /rancho-san-francisco-a-study-of-a-california-land-grant-1957
  #1442 [articles] Picture Story of Hart High School (and District) /picture-story-of-hart-high-school-and-district
  #1454 [articles] Newhall Fourth of July Parade History /newhall-fourth-of-july-parade-history
  #2591 [persons] Patti Rasmussen /patti-rasmussen
  #2755 [photographs] 25c Trade Token, Placeritos Ranch /25c-trade-token-placeritos-ranch
  #2781 [photographs] 5c Trade Token, Placeritos Ranch /5c-trade-token-placeritos-ranch
  #2783 [photographs] 10c Trade Token, Placeritos Ranch /10c-trade-token-placeritos-ranch
  #3341 [photographs] 50c Trade Token, Placeritos Ranch /50c-trade-token-placeritos-ranch
  #4417 [photographs] 1965 Senior Class Officers /1965-senior-class-officers
  #4423 [photographs] Hart High 1957-58 Pep Club Officers: J. Dillenbeck, K. Scannell, E. Cunningham, J. Mack. /hart-high-1957-58-pep-club-officers-j-dillenbeck-k-scannell-e-cunningham-j-mack
  #4741 [photographs] Refurbishment of Newhall School Auditorium, 2015-2016. /refurbishment-of-newhall-school-auditorium-2015-2016
  #4939 [photographs] Newhall Elementary School Auditorium as Warehouse, Interiors, 1996. /newhall-elementary-school-auditorium-as-warehouse-interiors-1996
  #5517 [photographs] Mrs. Reynosa's 3rd Grade Class, 1981. /mrs-reynosas-3rd-grade-class-1981
  #5519 [photographs] Mrs. Anderson's 3rd Grade Class, 1984. /mrs-andersons-3rd-grade-class-1984
  #5679 [photographs] School Colors: Transition from Maroon & Gray to Red & White, 1966 /school-colors-transition-from-maroon-gray-to-red-white-1966
  #5681 [photographs] 1966 Wrestling Team /1966-wrestling-team
  #12424 [articles] Variety show to benefit Hart auditorium /variety-show-to-benefit-hart-auditorium
  #12658 [articles] Simple dreams of good times at Newhall auditorium /simple-dreams-of-good-times-at-newhall-auditorium
  #12660 [articles] Special programs address needs of the 'whole child' /special-programs-address-needs-of-the-whole-child
  #12664 [articles] SCV Youth Orchestra needs a place to perform /scv-youth-orchestra-needs-a-place-to-perform
  #12676 [articles] Help for the hearing-impaired child /help-for-the-hearing-impaired-child
  #12686 [articles] Hart, Newhall districts pick new leaders /hart-newhall-districts-pick-new-leaders
  #12690 [articles] Multi-track education: A necessary change /multi-track-education-a-necessary-change
  #12696 [articles] Administrators I've learned to respect /administrators-ive-learned-to-respect
  #12702 [articles] Santa Clarita Valley Country Fair /santa-clarita-valley-country-fair
  #15958 [organizations] Newhall Elementary School /newhall-elementary-school
  #21590 [organizations] Newhall School District /newhall-school-district
  #27374 [documents] Rancho San Francisco: A Study of a California Land Grant, by A.B. Perkins (1957) /rancho-san-francisco-a-study-of-a-california-land-grant-by-a-b-perkins-1957
  #29640 [officeHoldings] Suzan Solomon — School Board Member, Newhall School District /suzan-solomon-school-board-member-newhall-school-district
== 'Newhall School': 174
  #562 [warMemorials] Jack Lewis Harland /jack-lewis-harland
  #1395 [warMemorials] James Robert "Jimmie" Ball /james-robert-jimmie-ball
  #1432 [articles] Editor's Notes /editors-notes
  #1440 [articles] History of Pico Canyon Oil Production /history-of-pico-canyon-oil-production
  #2097 [articles] 36. Taming the Territory /36-taming-the-territory
  #2119 [articles] 47. Dry Colony /47-dry-colony
  #2123 [articles] 49. Reflections /49-reflections
  #2149 [articles] 62. Suddenly Searchlights /62-suddenly-searchlights
  #2540 [places] Felton School /felton-school
  #2743 [photographs] Saugus (Elementary) School Bell /saugus-elementary-school-bell
  #2769 [photographs] Community Preview Night Ticket, 5/27/1971. /community-preview-night-ticket-5-27-1971
  #2785 [photographs] Henry Mayo Newhall Auditorium at Hart High /henry-mayo-newhall-auditorium-at-hart-high
  #2837 [photographs] Opening Year Medal, 1971 /opening-year-medal-1971
  #3069 [photographs] Embroidered Troll Patch, 1972-1985 /embroidered-troll-patch-1972-1985
  #3071 [photographs] Das Alpenhaus Beer Stein, 1974-1980 /das-alpenhaus-beer-stein-1974-1980
  #3073 [photographs] Das Alpenhaus Beer Stein, 1974-1980 /das-alpenhaus-beer-stein-1974-1980-2
  #3075 [photographs] Das Alpenhaus Beer Stein, 1974-1980 /das-alpenhaus-beer-stein-1974-1980-3
  #3077 [photographs] Das Alpenhaus Beer Stein, 1974-1980 /das-alpenhaus-beer-stein-1974-1980-4
  #3131 [photographs] Colossus Pinback, 1978 /colossus-pinback-1978
  #3151 [photographs] Artist's Rendering of Newhall, 1880 /artists-rendering-of-newhall-1880
  #3153 [photographs] Newhall Town View Showing Southern Hotel and 1st Newhall School /newhall-town-view-showing-southern-hotel-and-1st-newhall-school
  #3155 [photographs] KISS Meets the Phantom of the Park, 1978. /kiss-meets-the-phantom-of-the-park-1978
  #3159 [photographs] Hart High Girls Class Ring 1949 (1st Year) /hart-high-girls-class-ring-1949-1st-year
  #3161 [photographs] Hart High Boys Class Ring 1950 (2nd Year) /hart-high-boys-class-ring-1950-2nd-year
  #3163 [photographs] Hart High Boys & Girls Class Rings, 1949-1950 /hart-high-boys-girls-class-rings-1949-1950
  #3165 [photographs] Gwen Booth Gallion's Hart High Student Council Pin /gwen-booth-gallions-hart-high-student-council-pin
  #3167 [photographs] CIF Championship Baseball Charm, Hart High School 1948 /cif-championship-baseball-charm-hart-high-school-1948
  #3327 [photographs] Nick Rivera's Saloon Token, 10c, 1890s /nick-riveras-saloon-token-10c-1890s
  #4015 [photographs] Dr. Marc Winger, Superintendent 1997-2015 /dr-marc-winger-superintendent-1997-2015
  #4151 [photographs] Goliath Rollercoaster Under Construction 2000 /goliath-rollercoaster-under-construction-2000
  #4263 [photographs] Actor Vincent Price on Jet Stream, Early 1980s /actor-vincent-price-on-jet-stream-early-1980s
  #4399 [photographs] Mexican Lobby Card: 'Tres Hijos del Diablo' ('3 Godfathers') 1948 /mexican-lobby-card-tres-hijos-del-diablo-3-godfathers-1948
  #4463 [photographs] First Circus Wheel Ride, ~1971 /first-circus-wheel-ride-1971
  #4465 [photographs] Fountain & Valencia Falls, ~1971 /fountain-valencia-falls-1971
  #4467 [photographs] Log Jammer Flume Ride From Above, ~1971 /log-jammer-flume-ride-from-above-1971
  #4473 [photographs] Apartments Under Construction, 24514 Kansas Street (Ex-Newhall School Building Site), 2015. /apartments-under-construction-24514-kansas-street-ex-newhall-school-building-site-2015
  #4475 [photographs] Apartments Under Construction, 24514 Kansas Street (Ex-Newhall School Building Site), 2015. /apartments-under-construction-24514-kansas-street-ex-newhall-school-building-site-2015-2
  #4485 [photographs] Galaxy, 1971 /galaxy-1971
  #4515 [photographs] Small Porcelain Collector Plate-Wall Hanging, Early 1970s. /small-porcelain-collector-plate-wall-hanging-early-1970s
  #4533 [photographs] H. Clyde Smyth, Ed.D., Superintendent /h-clyde-smyth-ed-d-superintendent
  #4595 [photographs] Magic Mountain Sky Tower Sponsored by Western Airlines, 1977-78. /magic-mountain-sky-tower-sponsored-by-western-airlines-1977-78
  #4681 [photographs] Variety Show in 7-Up Showcase Theatre, 1970s. /variety-show-in-7-up-showcase-theatre-1970s
  #4683 [photographs] Accordion Player, 1974. /accordion-player-1974
  #4685 [photographs] Sleepy Petting-Zoo Goats on the Lam, 1974. /sleepy-petting-zoo-goats-on-the-lam-1974
  #4687 [photographs] Clown Coaster, 1974. /clown-coaster-1974
  #4741 [photographs] Refurbishment of Newhall School Auditorium, 2015-2016. /refurbishment-of-newhall-school-auditorium-2015-2016
  #4801 [photographs] SCV School District Reorganization Plan (Failed), 1970-71. /scv-school-district-reorganization-plan-failed-1970-71
  #4939 [photographs] Newhall Elementary School Auditorium as Warehouse, Interiors, 1996. /newhall-elementary-school-auditorium-as-warehouse-interiors-1996
  #5097 [photographs] Revolution Roller Coaster, Publicity Photo, Early 1990s. /revolution-roller-coaster-publicity-photo-early-1990s
  #5113 [photographs] Onetime Home of Child Actor Buzz Barton Torched in Fire Training Exercise, 4-22-2018. /onetime-home-of-child-actor-buzz-barton-torched-in-fire-training-exercise-4-22-2018
  #5379 [photographs] Lobby Card, ''The Vanishing Legion'' Chapter 5: ''The Trackless Trail'' (Mascot 1931). /lobby-card-the-vanishing-legion-chapter-5-the-trackless-trail-mascot-1931
  #5449 [photographs] The Wizard and Trolls Greet Guests at Das Alpenhaus Restaurant, 1974-1980. /the-wizard-and-trolls-greet-guests-at-das-alpenhaus-restaurant-1974-1980
  #5477 [photographs] First Wall Map: Magic Mountain Amusement Park, 1971. /first-wall-map-magic-mountain-amusement-park-1971
  #5485 [photographs] Second Newhall School, Photo Postcard ~1909. /second-newhall-school-photo-postcard-1909
  #5517 [photographs] Mrs. Reynosa's 3rd Grade Class, 1981. /mrs-reynosas-3rd-grade-class-1981
  #5519 [photographs] Mrs. Anderson's 3rd Grade Class, 1984. /mrs-andersons-3rd-grade-class-1984
  #5691 [photographs] Photo Gallery: Magic Mountain Amusement Park Visit, 1976. /photo-gallery-magic-mountain-amusement-park-visit-1976
  #5695 [photographs] Troll House Ice Cream Factory & Water Wheel, 1976-78. /troll-house-ice-cream-factory-water-wheel-1976-78
  #12256 [articles] Your pick: poetry, parade or the park /your-pick-poetry-parade-or-the-park
  #12258 [articles] Car guys needn't fear Newhall revitalization /car-guys-neednt-fear-newhall-revitalization
  #12280 [articles] Car guys needn't fear Newhall revitalization /car-guys-neednt-fear-newhall-revitalization-2
  #12348 [articles] What's year-round schooling all about? /whats-year-round-schooling-all-about
  #12378 [articles] July 4th: An Old Newhall Tradition /july-4th-an-old-newhall-tradition
  #12400 [articles] What happens after Newhall Ranch? /what-happens-after-newhall-ranch
  #12452 [articles] July 4th: an Old Newhall tradition /july-4th-an-old-newhall-tradition-2
  #12504 [articles] Dismantling bilingual ed. is no simple task /dismantling-bilingual-ed-is-no-simple-task
  #12520 [articles] Creating a Theater District in Old Town Newhall /creating-a-theater-district-in-old-town-newhall
  #12542 [articles] Historic A.B. Perkins photos resurface /historic-a-b-perkins-photos-resurface
  #12574 [articles] Historic A.B. Perkins Photos Reappear /historic-a-b-perkins-photos-reappear
  #12585 [articles] Editorial: Redevelopment Bucks Are /editorial-redevelopment-bucks-are
  #12654 [articles] Shame on us for not running for school board /shame-on-us-for-not-running-for-school-board
  #12658 [articles] Simple dreams of good times at Newhall auditorium /simple-dreams-of-good-times-at-newhall-auditorium
  #12660 [articles] Special programs address needs of the 'whole child' /special-programs-address-needs-of-the-whole-child
  #12690 [articles] Multi-track education: A necessary change /multi-track-education-a-necessary-change
  #12696 [articles] Administrators I've learned to respect /administrators-ive-learned-to-respect
  #12804 [articles] Santa Clarita's toughest and most resilient people /santa-claritas-toughest-and-most-resilient-people
  #12806 [articles] Things never change in Mike McGrath's kingdom /things-never-change-in-mike-mcgraths-kingdom
  #12814 [articles] Ideas needed for solving school crowding problems /ideas-needed-for-solving-school-crowding-problems
  #12838 [articles] Today's rumors, tomorrow's headlines /todays-rumors-tomorrows-headlines
  #12840 [articles] New school year raises old issues /new-school-year-raises-old-issues
  #12879 [articles] Never take a dare in the land of the politically correct /never-take-a-dare-in-the-land-of-the-politically-correct
  #13052 [Asset] Precise location of 2nd Newhall School. Fir became Walnut Street /
  #14865 [Asset] Precise location of 2nd Newhall School. Fir became Walnut Street /
  #15958 [organizations] Newhall Elementary School /newhall-elementary-school
  #16347 [organizations] California State University, Northridge /california-state-university-northridge
  #21590 [organizations] Newhall School District /newhall-school-district
  #21592 [organizations] Saugus Union School District /saugus-union-school-district
  #21594 [organizations] Sulphur Springs Union School District /sulphur-springs-union-school-district
  #21596 [organizations] Castaic Union School District /castaic-union-school-district
  #25335 [places] Newhall School District, Trustee Area 1 /newhall-school-district-trustee-area-1
  #25337 [places] Newhall School District, Trustee Area 2 /newhall-school-district-trustee-area-2
  #25339 [places] Newhall School District, Trustee Area 3 /newhall-school-district-trustee-area-3
  #25341 [places] Newhall School District, Trustee Area 4 /newhall-school-district-trustee-area-4
  #25343 [places] Newhall School District, Trustee Area 5 /newhall-school-district-trustee-area-5
  #25389 [persons] Christy Smith /christy-smith
  #25391 [persons] Brian Walters /brian-walters
  #25545 [elections] Newhall School District board election, November 7, 1995 /newhall-school-district-board-election-november-7-1995
  #25547 [candidacies] Ron Winkler — Newhall School District board election, November 7, 1995 /ron-winkler-newhall-school-district-board-election-november-7-1995
  #25549 [candidacies] Philip C. Ellis, Jr. — Newhall School District board election, November 7, 1995 /philip-c-ellis-jr-newhall-school-district-board-election-november-7-1995
  #25551 [candidacies] Keith Pritsker — Newhall School District board election, November 7, 1995 /keith-pritsker-newhall-school-district-board-election-november-7-1995
  #25553 [candidacies] Brian Bissell — Newhall School District board election, November 7, 1995 /brian-bissell-newhall-school-district-board-election-november-7-1995
  #25555 [elections] Newhall School District board election, November 2, 1999 /newhall-school-district-board-election-november-2-1999
  #25557 [candidacies] Ron Winkler — Newhall School District board election, November 2, 1999 /ron-winkler-newhall-school-district-board-election-november-2-1999
  #25559 [candidacies] Suzan T. Solomon — Newhall School District board election, November 2, 1999 /suzan-t-solomon-newhall-school-district-board-election-november-2-1999
  #25561 [candidacies] Rose Mary Johnson — Newhall School District board election, November 2, 1999 /rose-mary-johnson-newhall-school-district-board-election-november-2-1999
  #25563 [candidacies] Lance K. Williams — Newhall School District board election, November 2, 1999 /lance-k-williams-newhall-school-district-board-election-november-2-1999
  #25565 [elections] Newhall School District board election, November 4, 2003 /newhall-school-district-board-election-november-4-2003
  #25567 [candidacies] Suzan Teri Solomon — Newhall School District board election, November 4, 2003 /suzan-teri-solomon-newhall-school-district-board-election-november-4-2003
  #25569 [candidacies] Michael  R. Shapiro — Newhall School District board election, November 4, 2003 /michael-r-shapiro-newhall-school-district-board-election-november-4-2003
  #25571 [candidacies] Augustin M. Zuniga — Newhall School District board election, November 4, 2003 /augustin-m-zuniga-newhall-school-district-board-election-november-4-2003
  #25573 [elections] Newhall School District board election, November 8, 2005 /newhall-school-district-board-election-november-8-2005
  #25575 [candidacies] Steven D. Tannehill — Newhall School District board election, November 8, 2005 /steven-d-tannehill-newhall-school-district-board-election-november-8-2005
  #25577 [candidacies] J. Micheal McGrath — Newhall School District board election, November 8, 2005 /j-micheal-mcgrath-newhall-school-district-board-election-november-8-2005
  #25579 [candidacies] Robert N. Jensen, Jr. — Newhall School District board election, November 8, 2005 /robert-n-jensen-jr-newhall-school-district-board-election-november-8-2005
  #25581 [candidacies] Steve E. Lunetta — Newhall School District board election, November 8, 2005 /steve-e-lunetta-newhall-school-district-board-election-november-8-2005
  #25583 [candidacies] Wendy Joanne Zinn — Newhall School District board election, November 8, 2005 /wendy-joanne-zinn-newhall-school-district-board-election-november-8-2005
  #25585 [elections] Newhall School District board election, November 6, 2007 /newhall-school-district-board-election-november-6-2007
  #25587 [candidacies] Michael R. Shapiro — Newhall School District board election, November 6, 2007 /michael-r-shapiro-newhall-school-district-board-election-november-6-2007
  #25589 [candidacies] Suzan Teri Solomon — Newhall School District board election, November 6, 2007 /suzan-teri-solomon-newhall-school-district-board-election-november-6-2007
  #25591 [candidacies] Christy Smith — Newhall School District board election, November 6, 2007 /christy-smith-newhall-school-district-board-election-november-6-2007
  #25593 [candidacies] Donald Rimac — Newhall School District board election, November 6, 2007 /donald-rimac-newhall-school-district-board-election-november-6-2007
  #25595 [elections] Newhall School District board election, November 3, 2009 /newhall-school-district-board-election-november-3-2009
  #25597 [candidacies] John Michael McGrath — Newhall School District board election, November 3, 2009 /john-michael-mcgrath-newhall-school-district-board-election-november-3-2009
  #25599 [candidacies] Christy L. Smith — Newhall School District board election, November 3, 2009 /christy-l-smith-newhall-school-district-board-election-november-3-2009
  #25601 [candidacies] Philip C. Ellis, Jr. — Newhall School District board election, November 3, 2009 /philip-c-ellis-jr-newhall-school-district-board-election-november-3-2009
  #25603 [candidacies] Craig S. Duswalt — Newhall School District board election, November 3, 2009 /craig-s-duswalt-newhall-school-district-board-election-november-3-2009
  #25605 [candidacies] K.Scott Miller — Newhall School District board election, November 3, 2009 /k-scott-miller-newhall-school-district-board-election-november-3-2009
  #25607 [elections] Newhall School District board election, November 5, 2013 /newhall-school-district-board-election-november-5-2013
  #25609 [candidacies] Christy Smith — Newhall School District board election, November 5, 2013 /christy-smith-newhall-school-district-board-election-november-5-2013
  #25611 [candidacies] Brian Walters — Newhall School District board election, November 5, 2013 /brian-walters-newhall-school-district-board-election-november-5-2013
  #25613 [candidacies] Philip Ellis, Jr. — Newhall School District board election, November 5, 2013 /philip-ellis-jr-newhall-school-district-board-election-november-5-2013
  #25615 [candidacies] Sandra Bull — Newhall School District board election, November 5, 2013 /sandra-bull-newhall-school-district-board-election-november-5-2013
  #25617 [elections] Newhall School District board election, Trustee Area 2, November 6, 2018 /newhall-school-district-board-election-november-6-2018-trustee-area-2
  #25619 [candidacies] Donna Rose — Newhall School District board election, Trustee Area 2, November 6, 2018 /donna-rose-newhall-school-district-board-election-trustee-area-2-november-6-2018
  #25621 [candidacies] Larry Heath — Newhall School District board election, Trustee Area 2, November 6, 2018 /larry-heath-newhall-school-district-board-election-trustee-area-2-november-6-2018
  #25623 [candidacies] Liz Guardado — Newhall School District board election, Trustee Area 2, November 6, 2018 /liz-guardado-newhall-school-district-board-election-trustee-area-2-november-6-2018
  #25625 [elections] Newhall School District board election, Trustee Area 1, November 8, 2022 /newhall-school-district-board-election-november-8-2022-trustee-area-1
  #25627 [candidacies] Donna Michelle Robert — Newhall School District board election, Trustee Area 1, November 8, 2022 /donna-michelle-robert-newhall-school-district-board-election-trustee-area-1-november-8-2022
  #25629 [candidacies] Brian D. Walters — Newhall School District board election, Trustee Area 1, November 8, 2022 /brian-d-walters-newhall-school-district-board-election-trustee-area-1-november-8-2022
  #25631 [elections] Newhall School District board election, Trustee Area 2, November 8, 2022 /newhall-school-district-board-election-november-8-2022-trustee-area-2
  #25633 [candidacies] Rachelle Haddoak — Newhall School District board election, Trustee Area 2, November 8, 2022 /rachelle-haddoak-newhall-school-district-board-election-trustee-area-2-november-8-2022
  #25635 [candidacies] Suverna Mistry — Newhall School District board election, Trustee Area 2, November 8, 2022 /suverna-mistry-newhall-school-district-board-election-trustee-area-2-november-8-2022
  #25637 [elections] Newhall School District board election, Trustee Area 5, November 5, 2024 /newhall-school-district-board-election-november-5-2024-trustee-area-5
  #25639 [candidacies] Suzan T. Solomon — Newhall School District board election, Trustee Area 5, November 5, 2024 /suzan-t-solomon-newhall-school-district-board-election-trustee-area-5-november-5-2024
  #25641 [candidacies] Mayra Cuellar — Newhall School District board election, Trustee Area 5, November 5, 2024 /mayra-cuellar-newhall-school-district-board-election-trustee-area-5-november-5-2024
  #28152 [Asset] Logo of the Newhall School District (superseded 4 October 2026) /
  #28208 [officeHoldings] Christy Smith — School Board Member, Newhall School District /christy-smith-school-board-member-newhall-school-district
  #28239 [officeHoldings] Suzan Solomon — School Board Member, Newhall School District /suzan-solomon-school-board-member-newhall-school-district
  #28249 [officeHoldings] Michael Shapiro — School Board Member, Newhall School District /michael-shapiro-school-board-member-newhall-school-district
  #28264 [officeHoldings] Brian Walters — School Board Member, Newhall School District /brian-walters-school-board-member-newhall-school-district
  #28447 [officeHoldings] Bob Jensen — School Board Member, Newhall School District /bob-jensen-school-board-member-newhall-school-district
  #28449 [officeHoldings] Donna Robert — School Board Member, Newhall School District /donna-robert-school-board-member-newhall-school-district
  #28451 [officeHoldings] Donna Rose — School Board Member, Newhall School District /donna-rose-school-board-member-newhall-school-district
  #28453 [officeHoldings] John Michael McGrath — School Board Member, Newhall School District /john-michael-mcgrath-school-board-member-newhall-school-district
  #28455 [officeHoldings] John Michael McGrath — School Board Member, Newhall School District /john-michael-mcgrath-school-board-member-newhall-school-district
  #28457 [officeHoldings] Philip Ellis Jr. — School Board Member, Newhall School District /philip-ellis-jr-school-board-member-newhall-school-district
  #28459 [officeHoldings] Philip Ellis Jr. — School Board Member, Newhall School District /philip-ellis-jr-school-board-member-newhall-school-district
  #28461 [officeHoldings] Philip Ellis Jr. — School Board Member, Newhall School District /philip-ellis-jr-school-board-member-newhall-school-district
  #28463 [officeHoldings] Rachelle Haddoak — School Board Member, Newhall School District /rachelle-haddoak-school-board-member-newhall-school-district
  #28465 [officeHoldings] Ron Winkler — School Board Member, Newhall School District /ron-winkler-school-board-member-newhall-school-district
  #28467 [officeHoldings] Ron Winkler — School Board Member, Newhall School District /ron-winkler-school-board-member-newhall-school-district
  #28469 [officeHoldings] Steven Tannehill — School Board Member, Newhall School District /steven-tannehill-school-board-member-newhall-school-district
  #28729 [officeHoldings] S. S. Donaldson — School Board Member, William S. Hart Union High School District /s-s-donaldson-school-board-member-william-s-hart-union-high-school-district
  #28731 [officeHoldings] Thomas Frew Jr. — School Board Member, William S. Hart Union High School District /thomas-frew-jr-school-board-member-william-s-hart-union-high-school-district
  #29006 [officeHoldings] Isaiah Talley — School Board Member, Newhall School District /isaiah-talley-school-board-member-newhall-school-district
  #29008 [officeHoldings] Isaiah Talley — School Board Member, Newhall School District /isaiah-talley-school-board-member-newhall-school-district
  #29010 [officeHoldings] Isaiah Talley — School Board Member, Newhall School District /isaiah-talley-school-board-member-newhall-school-district
  #29012 [officeHoldings] Ernesto Smith — School Board Member, Newhall School District /ernesto-smith-school-board-member-newhall-school-district
  #29028 [affiliations] Leticia Hernandez, Superintendent, Newhall School District /leticia-hernandez-superintendent-newhall-school-district
  #29439 [Asset] Logo of the Newhall School District /
  #29640 [officeHoldings] Suzan Solomon — School Board Member, Newhall School District /suzan-solomon-school-board-member-newhall-school-district
  #29642 [officeHoldings] Suzan Solomon — School Board Member, Newhall School District /suzan-solomon-school-board-member-newhall-school-district
  #29648 [officeHoldings] Michael Shapiro — School Board Member, Newhall School District /michael-shapiro-school-board-member-newhall-school-district
  #29651 [officeHoldings] Brian Walters — School Board Member, Newhall School District /brian-walters-school-board-member-newhall-school-district
== 'Newhall Grammar': 0
== 'Sheriff's Station': 8
  #279 [persons] Leon Worden /leon-worden
  #12198 [articles] Despite complaints, we've got the policing we want /despite-complaints-weve-got-the-policing-we-want
  #12292 [articles] Sheriff celebrating 70 years in Newhall /sheriff-celebrating-70-years-in-newhall
  #12360 [articles] Fall Harvest Festival at Mentryville this Saturday /fall-harvest-festival-at-mentryville-this-saturday
  #12456 [articles] Sheriff celebrating 70 years in Newhall /sheriff-celebrating-70-years-in-newhall-2
  #12546 [articles] Harvest festival, Halloween haunts on tap this weekend /harvest-festival-halloween-haunts-on-tap-this-weekend
  #12589 [articles] Editorial: A Long And Rutted Road. /editorial-a-long-and-rutted-road
  #12905 [articles] Why the delay in reporting the attempted kidnapping? /why-the-delay-in-reporting-the-attempted-kidnapping
== 'Sheriff Station': 2
  #5611 [photographs] 4 Women Killed, 14 Injured in Bermite Powder Blast, 1-28-1954. /4-women-killed-14-injured-in-bermite-powder-blast-1-28-1954
  #28310 [documents] Cityhood Backers: Who Are They? (Laurel Suomisto, The Signal, January 4, 1987) /cityhood-backers-who-are-they-laurel-suomisto-the-signal-january-4-1987
== 'Sheriffs Station': 0
== 'Substation No. 6': 3
  #5187 [photographs] Personnel of Sheriff's Substation No. 6 (SCV), 1959. /personnel-of-sheriffs-substation-no-6-scv-1959
  #12292 [articles] Sheriff celebrating 70 years in Newhall /sheriff-celebrating-70-years-in-newhall
  #12456 [articles] Sheriff celebrating 70 years in Newhall /sheriff-celebrating-70-years-in-newhall-2
== 'Golden Valley Road': 8
  #3957 [photographs] Placerita Oil Field 2013 /placerita-oil-field-2013
  #3959 [photographs] Placerita Oil Field 2013 /placerita-oil-field-2013-2
  #3961 [photographs] Placerita Oil Field 2013 /placerita-oil-field-2013-3
  #4871 [photographs] Southern Pacific Locomotive Derailed, Overturned 3-25-1938. /southern-pacific-locomotive-derailed-overturned-3-25-1938
  #5269 [photographs] Video: Pedestrian Bridge Erected Over Sierra Highway, 2018. /video-pedestrian-bridge-erected-over-sierra-highway-2018
  #12144 [articles] SCV Facilities Foundation: Three Tests Would Muzzle the Doubters /scv-facilities-foundation-three-tests-would-muzzle-the-doubters
  #16418 [persons] Connie Worden /connie-worden
  #28307 [documents] Connie Worden-Roberts Memorial Bridge dedicated, Golden Valley Road at SR-14, 2016 /connie-worden-roberts-memorial-bridge-dedicated-golden-valley-road-at-sr-14-2016
== '23740 Magic Mountain': 0
== 'Barclay': 0
== 'Justin Diez': 0


