= null

Output:
newhallschool               -- not in archive
brunner1940newhallschool    -- not in archive
brunner1940nsd              -- not in archive
brunner1940newhallschoolbus -- not in archive
brunner1940dillcontract     -- not in archive
dalbey1933                  -- not in archive
jstevens                    -- not in archive
ap0729                      -- not in archive
tlp_sg062933                -- not in archive
ns6001                      -- not in archive
ap0113                      -- not in archive
ap0124                      -- not in archive
hssc1906myers               -- not in archive
lp_laherald060490school     -- not in archive
tlp_latimes093001           -- not in archive
hs0731                      -- not in archive
ap1705                      -- not in archive
ap1710                      -- not in archive
ap1011                      -- not in archive
ap1708                      -- not in archive
lw3640                      #5485 [photographs] Second Newhall School, Photo Postcard ~1909.
rl0100                      -- not in archive
rl1401                      -- not in archive
rl1502                      -- not in archive
ap0527                      -- not in archive
gr0220                      -- not in archive
ku2501                      -- not in archive
ku2502                      -- not in archive
tlp_signal082025            -- not in archive
tlp_signal091025            -- not in archive
lw2638                      -- not in archive
tlp_signal082025b           -- not in archive
tlp_signal052726            -- not in archive
ns2801                      -- not in archive
ku2902a                     #562 [warMemorials] Jack Lewis Harland
ns3001                      -- not in archive
pc3201                      -- not in archive
pw3301                      -- not in archive
pc3501                      -- not in archive
pc3502                      -- not in archive
pc3601                      -- not in archive
pc3602                      -- not in archive
pc3702                      -- not in archive
pc3701                      -- not in archive
pc3801                      -- not in archive
gr0221                      -- not in archive
tlp_lat021539pg2            -- not in archive
tlp_signal021739pg3         -- not in archive
gr0222                      -- not in archive
pc3901a                     -- not in archive
tr5501                      -- not in archive
hg5601                      -- not in archive
mcgrath20170807             -- not in archive
nsdmeasuree102814           -- not in archive
lw2534                      #4015 [photographs] Dr. Marc Winger, Superintendent 1997-2015
ns1501                      -- not in archive
nsd_paulcordeiro            -- not in archive
sg19290425school            -- not in archive
ms0003                      -- not in archive
sg19941113auditorium        -- not in archive
ns9601                      -- not in archive
lw3118                      #4939 [photographs] Newhall Elementary School Auditorium as Warehouse, Interiors, 1996.
pr110897                    #12658 [articles] Simple dreams of good times at Newhall auditorium
sg19990224auditorium        -- not in archive
sg113003b                   -- not in archive
lw2663                      -- not in archive
lw2664                      -- not in archive
lw2961                      #4741 [photographs] Refurbishment of Newhall School Auditorium, 2015-2016.
nsd102617                   #25389 [persons] Christy Smith ; #28208 [officeHoldings] Christy Smith — School Board Member, Newhall School District
lw9801                      #5765 [photographs] Photo Gallery: Sulphur Springs School District Celebrates Quasquicentennial, 4-25-1998.
lw030597                    #2689 [photographs] Story of Sulphur Springs School ; #12460 [articles] Story of Sulphur Springs School ; #12558 [articles] Story of the Sulphur Springs School
sc1806                      -- not in archive
lw110896                    #12292 [articles] Sheriff celebrating 70 years in Newhall ; #12456 [articles] Sheriff celebrating 70 years in Newhall
sd0100                      -- not in archive
sd0110                      -- not in archive
sd0115                      -- not in archive
sd0120                      -- not in archive
sd0120a                     -- not in archive
lw3347                      #5187 [photographs] Personnel of Sheriff's Substation No. 6 (SCV), 1959.
lw7001                      #5687 [photographs] County Civic Center.
sd1901                      -- not in archive
obituary_jeremyideconklin   -- not in archive
lasdhistory2011             -- not in archive
lasdjurisdiction050713      -- not in archive
lacountysheriffs            -- not in archive
al3025                      -- not in archive
al3026                      -- not in archive
sw5201                      -- not in archive
sw5202                      -- not in archive
sd0200                      -- not in archive
lw2533                      #4013 [photographs] Sherman Block, L.A. County Sheriff 1982-1998.


