= null

Output:
== Kuredjian: 4
   #4257 [photographs] Deputies Jake Kuredjian, David March on Calif. Peace Officers Memorial, Sacramento
   #4259 [photographs] California Peace Officers Memorial, Sacramento
   #4563 [photographs] LASD Deputy David W. March Memorial Interchange, 210/605 Freeways
   #12298 [articles] The circuitous trip home and back
== Pelino: 3
   #4257 [photographs] Deputies Jake Kuredjian, David March on Calif. Peace Officers Memorial, Sacramento
   #4259 [photographs] California Peace Officers Memorial, Sacramento
   #4563 [photographs] LASD Deputy David W. March Memorial Interchange, 210/605 Freeways
== De Moranville: 3
   #4257 [photographs] Deputies Jake Kuredjian, David March on Calif. Peace Officers Memorial, Sacramento
   #4259 [photographs] California Peace Officers Memorial, Sacramento
   #4563 [photographs] LASD Deputy David W. March Memorial Interchange, 210/605 Freeways
== Demoranville: 0
== Pilcher: 5
   #2135 [articles] 55. Fights and Feuds
   #2141 [articles] 58. Pistoleros
   #4257 [photographs] Deputies Jake Kuredjian, David March on Calif. Peace Officers Memorial, Sacramento
   #4259 [photographs] California Peace Officers Memorial, Sacramento
   #4563 [photographs] LASD Deputy David W. March Memorial Interchange, 210/605 Freeways
== Ed Brown: 4
   #2135 [articles] 55. Fights and Feuds
   #4257 [photographs] Deputies Jake Kuredjian, David March on Calif. Peace Officers Memorial, Sacramento
   #4259 [photographs] California Peace Officers Memorial, Sacramento
   #4563 [photographs] LASD Deputy David W. March Memorial Interchange, 210/605 Freeways
== Harnischfeger: 4
   #2133 [articles] 54. Disaster at 185 Feet
   #4257 [photographs] Deputies Jake Kuredjian, David March on Calif. Peace Officers Memorial, Sacramento
   #4259 [photographs] California Peace Officers Memorial, Sacramento
   #4563 [photographs] LASD Deputy David W. March Memorial Interchange, 210/605 Freeways
== McCoy Pyle: 7
   #829 [articles] Chapter 5: Tribal Relics
   #913 [groups] Tataviam
   #2135 [articles] 55. Fights and Feuds
   #2177 [articles] Bowers Cave
   #4257 [photographs] Deputies Jake Kuredjian, David March on Calif. Peace Officers Memorial, Sacramento
   #4259 [photographs] California Peace Officers Memorial, Sacramento
   #4563 [photographs] LASD Deputy David W. March Memorial Interchange, 210/605 Freeways
== David March: 3
   #4257 [photographs] Deputies Jake Kuredjian, David March on Calif. Peace Officers Memorial, Sacramento
   #4259 [photographs] California Peace Officers Memorial, Sacramento
   #4563 [photographs] LASD Deputy David W. March Memorial Interchange, 210/605 Freeways
== Pavelka: 3
   #4257 [photographs] Deputies Jake Kuredjian, David March on Calif. Peace Officers Memorial, Sacramento
   #4259 [photographs] California Peace Officers Memorial, Sacramento
   #4563 [photographs] LASD Deputy David W. March Memorial Interchange, 210/605 Freeways
== Emma Benson: 3
   #4257 [photographs] Deputies Jake Kuredjian, David March on Calif. Peace Officers Memorial, Sacramento
   #4259 [photographs] California Peace Officers Memorial, Sacramento
   #4563 [photographs] LASD Deputy David W. March Memorial Interchange, 210/605 Freeways
== Newhall Incident: 9
   #2889 [photographs] Tip's Restaurant Matchbooks
   #3977 [photographs] Deputies in Tear Gas Cloud, 4-6-1970
   #4541 [photographs] Tip's Restaurants, Wooden Menu, ~1950s.
   #4543 [photographs] Tip's Restaurants, Wooden Menu, ~1950s.
   #4547 [photographs] Matchbook Cover: J's Coffee Shop & Castaic Junction Restaurant, 1976.
   #4553 [photographs] Hostage's Son Talks to Reporters, 4-6-1970.
   #4757 [photographs] Wooden Menu, Tip's Restaurant, ~1940s
   #5299 [photographs] Tip's Santa Monica Restaurant: Wooden Menu, 1950s.
   #5357 [photographs] Tip's Sierra Highway Restaurant Menu, June 1963.
== Frago: 2
   #3977 [photographs] Deputies in Tear Gas Cloud, 4-6-1970
   #4553 [photographs] Hostage's Son Talks to Reporters, 4-6-1970.
== Alleyn: 2
   #3977 [photographs] Deputies in Tear Gas Cloud, 4-6-1970
   #4553 [photographs] Hostage's Son Talks to Reporters, 4-6-1970.
== Pence: 2
   #3977 [photographs] Deputies in Tear Gas Cloud, 4-6-1970
   #4553 [photographs] Hostage's Son Talks to Reporters, 4-6-1970.
== Twining: 0
== Twinning: 2
   #3977 [photographs] Deputies in Tear Gas Cloud, 4-6-1970
   #4553 [photographs] Hostage's Son Talks to Reporters, 4-6-1970.
== Kness: 2
   #3977 [photographs] Deputies in Tear Gas Cloud, 4-6-1970
   #4553 [photographs] Hostage's Son Talks to Reporters, 4-6-1970.
== Biscailuz: 14
   #1400 [warMemorials] Joseph B. Balsz
   #1446 [articles] The Pico Ghost Camp
   #2959 [photographs] Sheriff Peter J. Pitchess, 1912-1999 (1953-1982)
   #3789 [photographs] Sheriff Peter J. Pitchess, 1912-1999 (1953-1982)
   #4013 [photographs] Sherman Block, L.A. County Sheriff 1982-1998.
   #4171 [photographs] A. Rivera to Frank Walker Re: State Recognition, 1934
   #4413 [photographs] John L. Scott, Interim Los Angeles County Sheriff, 2014
   #4449 [photographs] Billy Rowland, L.A. County Sheriff 1872-76, 1879-82; Captor of Vasquez.
   #4753 [photographs] 22nd Annual Newhall-Saugus Rodeo (1948): Montie Montana's Personal Program Book.
   #5117 [photographs] Plane Crash Kills All 8, 1-29-1932; Future Sheriff Biscailuz, Future Gen. Hap Arnold Direct Weeklong Search.
   #5119 [photographs] Plane Crash Kills All 8, 1-29-1932; Future Sheriff Biscailuz, Future Gen. Hap Arnold Direct Weeklong Search.
   #5121 [photographs] Plane Crash Kills All 8, 1-29-1932; Future Sheriff Biscailuz, Future Gen. Hap Arnold Direct Weeklong Search.
   #5191 [photographs] Eugene W. Biscailuz, 27th L.A. County Sheriff 1932-1958 (Undersheriff 1929).
   #5211 [photographs] Plane Crash Kills All 8, 1-29-1932; Future Sheriff Biscailuz, Future Gen. Hap Arnold Direct Weeklong Search.
== Pitchess: 17
   #1430 [articles] 6. Oil and Newhall
   #2959 [photographs] Sheriff Peter J. Pitchess, 1912-1999 (1953-1982)
   #3789 [photographs] Sheriff Peter J. Pitchess, 1912-1999 (1953-1982)
   #4007 [photographs] George Pederson, 1992-1996
   #4013 [photographs] Sherman Block, L.A. County Sheriff 1982-1998.
   #4401 [photographs] PL&P (Later Edison) Switching Station, Chandler's Gas & Oils, 12-13-1916
   #4403 [photographs] Pacific Light and Power Co. (Later Edison) Switching Station, 12-13-1916
   #4405 [photographs] PL&P (Later Edison) Switching Station with Operator's Cottage, Man & Dog, 5-26-1911
   #4407 [photographs] PL&P (Later Edison) Switching Station and Operator's Cottage, 5-29-1911
   #4413 [photographs] John L. Scott, Interim Los Angeles County Sheriff, 2014
   #4415 [photographs] Pacific Light & Power Co. (Later Edison) Castaic Patrol Station, 12-4-1916
   #4449 [photographs] Billy Rowland, L.A. County Sheriff 1872-76, 1879-82; Captor of Vasquez.
   #4513 [photographs] George Pederson, U.S. Navy, 1943-1946.
   #5359 [photographs] 47th Annual SCV Boys & Girls Club Auction Catalog, 2018.
   #5589 [photographs] Remains of 2 Ancient Bison Found in Castaic, 1950.
   #18726 [persons] George Pederson
   #28291 [documents] Rene Veluzat, Connie Worden Named 1975 SCV Man, Woman of the Year (Van Nuys Valley News)
== Sherman Block: 8
   #2959 [photographs] Sheriff Peter J. Pitchess, 1912-1999 (1953-1982)
   #3789 [photographs] Sheriff Peter J. Pitchess, 1912-1999 (1953-1982)
   #4013 [photographs] Sherman Block, L.A. County Sheriff 1982-1998.
   #4413 [photographs] John L. Scott, Interim Los Angeles County Sheriff, 2014
   #4449 [photographs] Billy Rowland, L.A. County Sheriff 1872-76, 1879-82; Captor of Vasquez.
   #12246 [articles] Vote Sheriff Block for a better choice
   #12292 [articles] Sheriff celebrating 70 years in Newhall
   #12456 [articles] Sheriff celebrating 70 years in Newhall
== Baca: 5
   #2959 [photographs] Sheriff Peter J. Pitchess, 1912-1999 (1953-1982)
   #3789 [photographs] Sheriff Peter J. Pitchess, 1912-1999 (1953-1982)
   #4013 [photographs] Sherman Block, L.A. County Sheriff 1982-1998.
   #4413 [photographs] John L. Scott, Interim Los Angeles County Sheriff, 2014
   #4449 [photographs] Billy Rowland, L.A. County Sheriff 1872-76, 1879-82; Captor of Vasquez.
== McDonnell: 5
   #2959 [photographs] Sheriff Peter J. Pitchess, 1912-1999 (1953-1982)
   #3789 [photographs] Sheriff Peter J. Pitchess, 1912-1999 (1953-1982)
   #4013 [photographs] Sherman Block, L.A. County Sheriff 1982-1998.
   #4413 [photographs] John L. Scott, Interim Los Angeles County Sheriff, 2014
   #4449 [photographs] Billy Rowland, L.A. County Sheriff 1872-76, 1879-82; Captor of Vasquez.
== Villanueva: 5
   #2959 [photographs] Sheriff Peter J. Pitchess, 1912-1999 (1953-1982)
   #3789 [photographs] Sheriff Peter J. Pitchess, 1912-1999 (1953-1982)
   #4013 [photographs] Sherman Block, L.A. County Sheriff 1982-1998.
   #4413 [photographs] John L. Scott, Interim Los Angeles County Sheriff, 2014
   #4449 [photographs] Billy Rowland, L.A. County Sheriff 1872-76, 1879-82; Captor of Vasquez.
== Robert Luna: 0
== Rowland: 9
   #1424 [articles] 3. The Placerita Gold Rush
   #2095 [articles] 35. Reign of Terror
   #2959 [photographs] Sheriff Peter J. Pitchess, 1912-1999 (1953-1982)
   #3789 [photographs] Sheriff Peter J. Pitchess, 1912-1999 (1953-1982)
   #4013 [photographs] Sherman Block, L.A. County Sheriff 1982-1998.
   #4413 [photographs] John L. Scott, Interim Los Angeles County Sheriff, 2014
   #4449 [photographs] Billy Rowland, L.A. County Sheriff 1872-76, 1879-82; Captor of Vasquez.
   #5045 [photographs] Mexican Lobby Card: 'Toby Tyler, or Ten Weeks with a Circus' (Disney 1960).
   #18991 [documents] A Brief Sketch of the Notorious Bandit
== Hammel: 1
   #1400 [warMemorials] Joseph B. Balsz
== Traeger: 5
   #5117 [photographs] Plane Crash Kills All 8, 1-29-1932; Future Sheriff Biscailuz, Future Gen. Hap Arnold Direct Weeklong Search.
   #5119 [photographs] Plane Crash Kills All 8, 1-29-1932; Future Sheriff Biscailuz, Future Gen. Hap Arnold Direct Weeklong Search.
   #5121 [photographs] Plane Crash Kills All 8, 1-29-1932; Future Sheriff Biscailuz, Future Gen. Hap Arnold Direct Weeklong Search.
   #5191 [photographs] Eugene W. Biscailuz, 27th L.A. County Sheriff 1932-1958 (Undersheriff 1929).
   #5211 [photographs] Plane Crash Kills All 8, 1-29-1932; Future Sheriff Biscailuz, Future Gen. Hap Arnold Direct Weeklong Search.
== Cline: 1
   #5067 [photographs] Emery Whilton's Florafaunium, Mult. Postcards, 1940s.
== John L. Scott: 5
   #2959 [photographs] Sheriff Peter J. Pitchess, 1912-1999 (1953-1982)
   #3789 [photographs] Sheriff Peter J. Pitchess, 1912-1999 (1953-1982)
   #4013 [photographs] Sherman Block, L.A. County Sheriff 1982-1998.
   #4413 [photographs] John L. Scott, Interim Los Angeles County Sheriff, 2014
   #4449 [photographs] Billy Rowland, L.A. County Sheriff 1872-76, 1879-82; Captor of Vasquez.
== Contract Law Enforcement: 0
== contract city: 0
== Deputy Jake: 4
   #4257 [photographs] Deputies Jake Kuredjian, David March on Calif. Peace Officers Memorial, Sacramento
   #4259 [photographs] California Peace Officers Memorial, Sacramento
   #4563 [photographs] LASD Deputy David W. March Memorial Interchange, 210/605 Freeways
   #12625 [articles] Master Plan For Master's College.


