plambeck-4-more-years   152017 https://scvnews.com/4-more-years-for-plambeck-mortensen-on-water-board/
kavounas-quits-clwa   148893 https://scvnews.com/kavounas-quits-clwa-agency-taking-names-to-fill-seat
dcdca-martin   193104 https://dcdca.org/?p=4605
longtime-susd-board-members-farewell   142219 https://scvnews.com/longtime-susd-governing-board-members-bid-farewell
susd-new-president-clerk-sworn-in   139723 https://scvnews.com/susd-appoints-new-president-clerk-new-members-sworn-in
trunkey-to-fill-vacancy   151584 https://scvnews.com/trunkey-to-fill-vacancy-on-saugus-school-board/
bryce-moving-to-san-diego   152414 https://scvnews.com/bryce-of-saugus-school-board-moving-to-san-diego
hart-taps-chris-fall   151652 https://scvnews.com/hart-board-taps-chris-fall-to-fill-strickland-seat
hart-vacancy-agenda   152880 https://scvnews.com/vacancy-teacher-honorees-on-agenda-for-hart-board
chris-fall-quits   151667 https://scvnews.com/chris-fall-quits-hart-board-due-to-business-conflict
messina-second-term   151100 https://scvnews.com/messina-hart-school-board-prez-to-seek-2nd-term
ballotpedia-messina   117438 https://ballotpedia.org/Joe_Messina
castaic-seeks-area-d   139977 https://scvnews.com/castaic-school-district-seeks-new-board-member-for-area-d/
canyons-mercado-fortine-bio    51473 https://www.canyons.edu/community/womensconference/bio-gloriamercado-fortine.php
scmag-2015-hart-candidates    53022 https://santaclarita.mydigitalpublication.com/article/Meet+The+Candidates+Hart+District+Governing+Board+Election+Heats+Up/2275233/273663/article.html
clwa-elects-2017-officers   152169 https://scvnews.com/clwa-elects-board-president-vice-president
clegg-2014-president   151969 https://scvnews.com/clegg-to-lead-sulphur-springs-school-board-in-2014
scvnews-election-results   163895 https://scvnews.com/election-results
school-board-oust-winkler   152834 https://scvnews.com/school-board-expected-to-oust-winkler-tuesday
newhall-officers-2014   154560 https://scvnews.com/newhall-school-board-selects-officers-for-2014
castaic-dec16-org-meeting   140606 https://scvnews.com/dec-16-castaic-school-board-organizational-meeting
huffaker-castaic   152850 https://scvnews.com/huffaker-takes-helm-of-castaic-school-board
castaic-2024-officers   138296 https://scvnews.com/castaic-school-district-board-elects-2024-officers
clwa-candidates-file   148437 https://scvnews.com/candidates-file-for-clwa-governing-board-election
de-la-cerda-head-saugus   150395 https://scvnews.com/de-la-cerda-selected-to-head-saugus-school-board/
ballotpedia-arrowsmith    88572 https://ballotpedia.org/Laura_Arrowsmith
signal-arrowsmith-resigns browser-extract https://signalscv.com/2022/09/saugus-district-board-member-resigns/
signal-arrowsmith-hands-of-voters browser-extract https://signalscv.com/2022/09/in-the-hands-of-the-voters/
signal-clegg-goodbye browser-extract https://signalscv.com/2018/12/community-says-goodbye-to-longtime-board-member-kerry-clegg/
signal-castaic-2018-elections browser-extract https://signalscv.com/2018/04/castaic-union-to-hold-elections-for-four-seats-in-november/
signal-castaic-2017-officers browser-extract https://signalscv.com/2017/12/castaic-governing-board-elects-new-president-clerk/
winkler-wont-fight   160208 https://scvnews.com/winkler-says-he-wont-fight-boards-decision-to-oust-him
