# Applies that wrote to the database. Appended by scripts/import/_apply_log.php.
# when	script	host	rows	read-back	note
2026-09-21 12:50:16 PDT	add_place_type_field.php	scvhistory-web	2 rows	verified 2 of 2	defaults only
2026-09-21 15:38:15 PDT	add_org_taxonomy_fields.php	scvhistory-web	12 rows	orgType present on 12	created orgType and schoolLevel
2026-09-21 15:38:17 PDT	add_org_identifier_fields.php	scvhistory-web	3 rows	present on a live entry: 3	schema only
2026-09-21 15:54:10 PDT	create_records_from_review.php	scvhistory-web	36 rows	provenance verified 36 of 36	478 article links; source records-decided.json, decided 2026-09-21T15:28:36-07:00  [60 of 124 keys no longer in the queue, matched by name]
2026-09-21 15:54:12 PDT	apply_org_backfill.php	scvhistory-web	8 rows	verified 7 of 8	10 fields
2026-09-21 16:03:37 PDT	repoint_to_larger.php	scvhistory-web	1 rows	verified 2 of 2	certain and better
2026-09-21 16:04:50 PDT	repoint_to_larger.php	scvhistory-web	1 rows	verified 2 of 2	certain and better
2026-09-21 16:26:58 PDT	create_records_from_review.php	scvhistory-web	31 rows	provenance verified 31 of 31	397 article links; source records-decided.json, decided 2026-09-21T15:28:36-07:00  [61 of 125 keys no longer in the queue, matched by name]
2026-09-21 16:27:00 PDT	apply_org_backfill.php	scvhistory-web	8 rows	verified 8 of 8	10 fields
2026-09-21 18:05:55 PDT	add_asset_object_fields.php	scvhistory-web	7 rows	present on a live asset: 7	schema only
2026-09-21 18:15:47 PDT	add_asset_object_fields.php	scvhistory-web	7 rows	present on a live asset: 7	schema only
2026-09-21 18:15:50 PDT	move_orgs_to_places.php	scvhistory-web	4 rows	FAILED: verified 5 of 6	20 relations repointed
2026-09-21 18:22:02 PDT	move_orgs_to_places.php	scvhistory-web	0 rows	verified 6 of 6	0 relations repointed
2026-09-21 18:24:14 PDT	add_edtf_fields.php	scvhistory-web	485 rows	verified 968 of 968	derived only
2026-09-21 18:24:19 PDT	add_edtf_fields.php	scvhistory-web	968 rows	verified 968 of 968	created the fields and derived
2026-09-21 18:31:43 PDT	add_edtf_fields.php	scvhistory-web	0 rows	verified 968 of 968	derived only
2026-09-21 19:28:01 PDT	add_roles_schema.php	scvhistory-web	93 rows	verified 32 of 32	80 vocabulary entries
2026-09-21 19:34:12 PDT	add_roles_schema.php	scvhistory-web	0 rows	FAILED: 80 vocabulary entries have no title	stopped
2026-09-21 19:39:14 PDT	add_roles_schema.php	scvhistory-web	0 rows	FAILED: 96 vocabulary entries have no title	stopped
2026-09-21 19:51:54 PDT	rebuild_roles_vocabulary.php	scvhistory-web	0 rows	FAILED: 80 entries still untitled	stopped
2026-09-21 19:59:47 PDT	rebuild_roles_vocabulary.php	scvhistory-web	80 rows	FAILED: entries 80/80, people 32/32	deleted 80 untitled, wrote 93 relations
2026-09-21 20:12:00 PDT	rebuild_roles_vocabulary.php	scvhistory-web	0 rows	CORRECTION: the 19:59 run passed. entries 80/80, titled 80, people 32/32, 93 relations	the FAILED verdict came from comparing a string count with an integer
2026-09-21 20:31:03 PDT	mark_external_people.php	scvhistory-web	11 rows	verified: 3 stripped, 0 relations left, 7 of 7 merged	8 decisions marked external, 11 canon entries
2026-09-21 20:31:28 PDT	create_records_from_review.php	scvhistory-web	32 rows	provenance verified 32 of 32	302 article links; source records-decided.json, decided 2026-09-21T18:43:37-07:00  [102 of 180 keys no longer in the queue, matched by name]
2026-09-21 20:38:43 PDT	strip_split_base_aliases.php	scvhistory-web	7 rows	verified: 7 of 7 saved, 0 base aliases left	split bases: Pico, Soledad, Placerita, Gorman
2026-09-21 21:07:24 PDT	record_external_qids.php	scvhistory-web	8 rows	verified: canon 4/4, decisions 4/4	3 ids found on Wikidata, 1 has no item
2026-09-21 21:07:27 PDT	record_external_qids.php	scvhistory-web	8 rows	verified: canon 4/4, decisions 4/4	3 ids found on Wikidata, 1 has no item
2026-09-21 21:07:28 PDT	rename_collection_kind_book_to_series.php	scvhistory-web	0 rows	FAILED: 0 moved, 2 left on book, options 5	book kept for published volumes
2026-09-21 21:21:27 PDT	rename_collection_kind_book_to_series.php	scvhistory-web	2 rows	verified: 2 moved, 0 left on book, options 5	book kept for published volumes
2026-09-21 21:21:30 PDT	merge_person_duplicates.php	scvhistory-web	19 rows	FAILED: 19 of 19 moved, 1 stranded, aliases 2/2	Beale #15908->#327, Newhall #16312->#283
2026-09-21 21:21:31 PDT	build_collections_export.php	scvhistory-web	14 rows	verified: json 14, csv 14	/data/collections.json and .csv
2026-09-21 21:27:01 PDT	smyth_family_and_roles.php	scvhistory-web	3 rows	verified: relation ok, roles 1/2, qid Q5026379	Clyde has no Wikidata item; Mayor not written for Cameron
2026-09-21 21:27:10 PDT	smyth_family_and_roles.php	scvhistory-web	1 rows	verified: relation ok, roles 1/2, qid Q5026379	Clyde has no Wikidata item; Mayor not written for Cameron
2026-09-21 21:27:11 PDT	rename_collection_kind_book_to_series.php	scvhistory-web	0 rows	verified: 0 moved, 0 left on book, options 5	book kept for published volumes
2026-09-21 21:27:13 PDT	merge_person_duplicates.php	scvhistory-web	1 rows	verified: 1 of 1 moved, 0 stranded, aliases 2/2	Beale #15908->#327, Newhall #16312->#283
2026-09-21 21:27:15 PDT	build_collections_export.php	scvhistory-web	14 rows	verified: json 14, csv 14	/data/collections.json and .csv
2026-09-21 21:34:44 PDT	smyth_family_and_roles.php	scvhistory-web	2 rows	verified: relation ok, roles 3/2, qid Q5026379	Clyde has no Wikidata item; Mayor not written for Cameron
2026-09-21 21:34:46 PDT	rename_collection_kind_book_to_series.php	scvhistory-web	0 rows	verified: 0 moved, 0 left on book, options 5	book kept for published volumes
2026-09-21 21:34:47 PDT	merge_person_duplicates.php	scvhistory-web	0 rows	verified: 0 of 0 moved, 0 stranded, aliases 2/2	Beale #15908->#327, Newhall #16312->#283
2026-09-21 21:34:48 PDT	add_era_partition_and_themes.php	scvhistory-web	28 rows	verified: eras 13/13, themes 15, field live	two demoted eras left in place for the CP
2026-09-21 21:34:58 PDT	build_collections_export.php	scvhistory-web	14 rows	verified: json 14, csv 14	/data/collections.json and .csv
2026-09-21 21:42:56 PDT	rename_collection_kind_book_to_series.php	N8s-MacBook-2	0 rows	correction: 21:27:11 and 21:34:46 read-backs printed FAIL on 'now on series' because the check compared against 0 moved; both records were already on series from an earlier run, so the migration holds	check now compares against the expected total; not re-run, series count not re-read
2026-09-21 21:57:51 PDT	rename_collection_kind_book_to_series.php	N8s-MacBook-2	0 rows	CORRECTION: the 21:21:27 run moved both records (2 of 2, 0 left on book) and is the migration. The 21:27:11 and 21:34:46 reruns had nothing to move; their FAIL on 'now on series' compared 2 against 0 moved	supersedes the 21:42:56 line, which said 'an earlier run'; check fixed in 79e6d25
2026-09-21 22:14:47 PDT	build_collections_export.php	scvhistory-web	14 rows	verified: json 14, csv 14	/data/collections.json and .csv
2026-09-21 22:43:48 PDT	build_collections_export.php	scvhistory-web	14 rows	verified: json 14, csv 14	/data/collections.json and .csv
2026-09-22 09:05:02 PDT	add_collection_frozen_field.php	scvhistory-web	1 rows	verified: lightswitch, in layout, 0 frozen	schema only; guard in modules/collectionfreeze
2026-09-22 13:09:10 PDT	set_collection_frozen.php	scvhistory-web	1 rows	verified: reads open	mentryville #12135 frozen -> open
2026-09-22 15:40:26 PDT	add_body_authorship_field.php	scvhistory-web	1 rows	verified: dropdown, in layout, 0 classified	step 0 of the editorial profiles track
2026-09-22 15:40:29 PDT	classify_person_bodies.php	scvhistory-web	33 rows	verified 33 of 33 labelled, bodies unchanged	wordpress-import-unsourced; 0 left for a person; prose kept, hidden from the front end
2026-09-23 06:54:18 PDT	fix_footnote_source_options.php	scvhistory-web	1 rows	verified: 5 options, no default	added editorial-2026; default was "editor" (Leon Worden); 12 real rows untouched
2026-09-23 06:54:20 PDT	relabel_person_bodies.php	scvhistory-web	2 rows	verified 2 of 2	#283 -> legacy-leon, #281 -> mixed with the #817 overlap recorded
2026-09-23 06:54:21 PDT	add_document_publishing_fields.php	scvhistory-web	6 rows	verified: 6 fields on the document layout	existing fields reused; publishedBy left empty for Wolfenstein
2026-09-23 06:54:23 PDT	create_vasquez_document.php	scvhistory-web	2 rows	verified: document and person both read back	document #18991 from JE4001, 1874, V. Wolfenstein; person #285 body emptied
2026-09-23 07:04:53 PDT	quality_nav_junk.php	scvhistory-web	114 rows	SHORT 43 of 114; report as predicted	nav 118->4; 6 left for a person; frozen skipped: none
2026-09-23 07:15:31 PDT	quality_byline_dates.php	scvhistory-web	423 rows	verified 423 of 423; report as predicted	dateProse 441->19, undated 136->114; 20 left for a person; frozen skipped: none
2026-09-23 07:16:19 PDT	quality_drop_caps.php	scvhistory-web	295 rows	verified 295 of 295; report as predicted	; 14 left for a person; frozen skipped: none
2026-09-23 07:16:42 PDT	quality_footnotes.php	scvhistory-web	7 rows	verified 7 of 7; report as predicted	footnotes 17->10; 9 left for a person; frozen skipped: none
2026-09-23 07:17:03 PDT	quality_images.php	scvhistory-web	15 rows	verified 15 of 15; report as predicted	imgMissing 172->159; 159 left for a person; frozen skipped: none
2026-09-23 08:14:57 PDT	import_mirror_images.php	N8s-MacBook-2.local	0 rows	CORRECTION: the "better copies" pass reported replacing files it did not change. Craft sanitises every image it stores, so the pass rewrote each file with bytes identical to what was already there: 20 of 20 sampled are identical after cleaning, md5 for md5, and 950 of the 952 the old rule flags have identical pixel dimensions with none larger.	no bytes were lost and no asset is inconsistent; the rule now compares pixel dimensions (e8f392a), and this script now writes its own log lines, which it never did for its first four passes
2026-09-23 08:19:55 PDT	rebuild_photo_relations.php	scvhistory-web	229 rows	verified 229 of 229	agreements only; 1293 disagreements and 8359 unmatched names queued in web/review/photo-links.json
2026-09-23 14:00:35 PDT	build_collections_export.php	scvhistory-web	14 rows	verified: json 14, csv 14	/data/collections.json and .csv
2026-09-24 22:02:43 PDT	add_jurisdiction_fields.php	scvhistory-web	10 rows	verified: org and place fields on their layouts, placeType has district	dissolution, succession, seat counts; districts as places
2026-09-24 22:13:33 PDT	add_office_holding.php	scvhistory-web	15 rows	verified: section, type, 18 fields, URLs off	terms as records; evidence per date, not per term
2026-09-24 22:13:35 PDT	retire_board_fields.php	scvhistory-web	4 rows	verified: gone from the layout and deleted, parentOrganization kept	superseded by officeHolding; all four were empty across 38 organizations
2026-09-24 22:15:10 PDT	add_office_holding.php	scvhistory-web	0 rows	verified: section, type, 18 fields, URLs off	terms as records; evidence per date, not per term
2026-09-24 22:15:12 PDT	retire_board_fields.php	scvhistory-web	0 rows	verified: gone from the layout and deleted, parentOrganization kept	superseded by officeHolding; all four were empty across 38 organizations
2026-09-25 00:20:20 PDT	fix_document_body_duplication.php	scvhistory-web	1 rows	verified 1 of 1; headline and credit still in their fields, dateline still in the body	headline and credit line removed from the body; they render from the fields
2026-09-25 01:38:21 PDT	add_person_evidence_fields.php	scvhistory-web	6 rows	verified: 3 dropdowns on the person layout, levels identical to startEvidence	evidence per claim, not per field; a hedge now has somewhere to live
2026-09-25 02:14:03 PDT	add_document_collection_field.php	scvhistory-web	1 rows	verified: on the document layout	schema only; documents can now join a collection
2026-09-25 02:14:13 PDT	import_mentry_sources.php	scvhistory-web	10 rows	verified: 10 records and their scans read back	2 photographs, 8 documents from 7 legacy pages; masters as0001_large, penpictureslacounty_large
2026-09-25 03:51:08 PDT	convert_orgs_to_places.php	scvhistory-web	8 rows	verified: 8 of 12 moved and retired	{"18876":20109,"16260":20118,"16201":20131,"18599":20152,"16425":20170,"18827":2540,"382":16446,"388":16506} retired; held live [384,386,398,400]; organizations disabled, not deleted
2026-09-25 03:51:17 PDT	fix_org_records.php	scvhistory-web	16 rows	SHORT: Harvey Stack deleted, Stack's holds 3 articles: reads back short	rename #18862; orgType x11; Harvey Stack deleted, Stack's created; org-place pairs linked
2026-09-28 07:40:57 CEST	fix_org_records.php	N8s-MacBook-2	0 rows	CORRECTION: the 03:51:17 SHORT was the check, not the data. count() returned "3" as a string and "3" === 3 is false; every write landed and was read back by id	check fixed in db5c2ae
2026-09-28 07:41:25 CEST	fix_org_records.php	N8s-MacBook-2	0 rows	CORRECTION: the 03:51:17 SHORT was the check, not the data. count() returned "3" as a string and "3" === 3 is false; every write landed and was read back by id	check fixed in db5c2ae
2026-09-27 22:44:58 PDT	add_place_website_field.php	scvhistory-web	1 rows	verified: field created and on the place layout	schema only; lets the three missions retire
2026-09-27 22:45:33 PDT	convert_orgs_to_places.php	scvhistory-web	3 rows	verified: 3 of 3 moved and retired	{"386":16511,"398":16515,"400":16517} retired; held live []; organizations disabled, not deleted
2026-09-27 22:45:38 PDT	fix_org_records.php	scvhistory-web	1 rows	verified 1 of 1	rename #18862; orgType x11; Harvey Stack deleted, Stack's created; org-place pairs linked
2026-09-27 22:51:44 PDT	add_event_evidence_field.php	scvhistory-web	1 rows	verified: on the event layout	schema only; an event date can say how it is known
2026-09-27 22:51:51 PDT	create_pico_1860s_records.php	scvhistory-web	4 rows	verified: 3 records and the place relation	Lyon #20224, Jenkins #20226, event #20228 186X retrospective
2026-09-27 22:51:57 PDT	update_mentry_profile.php	scvhistory-web	1 rows	verified: title and 22 fields	#18648 Charles Alexander Mentry; birth 1847?-03-27 (source fault); priority claim as four scopes
2026-09-27 23:19:49 PDT	set_evidence_levels.php	scvhistory-web	2 rows	verified 2 of 2; every remaining certified value rests on a held certificate	Mentry birth and Jenkins death to retrospective; evidence rates the claim, not the document
2026-09-27 23:19:55 PDT	add_caption_corrections.php	scvhistory-web	1 rows	verified 1 of 1; captions unchanged	correcting notes from link-fixes/corrections.json; lw2320 waits for its import
2026-09-28 00:18:24 PDT	set_photo_legacy_category.php	scvhistory-web	1338 rows	verified 1338 of 1338	breadcrumb copied verbatim into legacyCategory; bodies untouched; 188 topics
2026-09-28 20:31:20 PDT	import_hart_portrait.php	scvhistory-web	2 rows	verified: portrait and rename	asset #21573 LoC cph.3c03842, public domain, via Commons; #16356 Bill Hart -> William S. Hart
2026-09-28 20:44:18 PDT	add_asset_provenance_fields.php	scvhistory-web	5 rows	verified: fields, layout, licence options	provenanceKind, sourceUrl, acquiredDate; permission and CC BY / BY-SA 3.0 and 4.0
2026-09-28 20:44:53 PDT	set_asset_provenance.php	scvhistory-web	4309 rows	verified	{"outside":1,"legacy-mirror":4223,"commissioned":7,"legacy-wordpress":78}
2026-09-28 21:07:16 PDT	fix_stacks_city_alias_hart.php	scvhistory-web	3 rows	verified	Stack's removed from 3 articles and trashed, city alias removed, Hart acquiredDate and source
2026-09-28 21:07:23 PDT	import_smyth_portrait.php	scvhistory-web	2 rows	verified: portrait and featuredImage	asset #21579 by Nathan Imhoff, licence scvhistory, outside; featured on #16380 Cameron Smyth
2026-09-28 21:25:21 PDT	create_gutzeit_record.php	scvhistory-web	2 rows	verified	person Maria Gutzeit; campaign image, licence unknown
2026-09-28 21:25:27 PDT	build_california_star_oil_works.php	scvhistory-web	4 rows	verified	CSOW #16039 body and 15 footnotes; place #20131 location; Scofield created; #16201 trashed
2026-09-28 21:25:32 PDT	set_person_focal_points.php	scvhistory-web	5 rows	verified	focal points on 5 landscape person images
2026-09-28 21:36:23 PDT	add_school_structure.php	scvhistory-web	8 rows	verified	gradeSpan, feedsInto; five districts; schools nested; feeds held
2026-09-28 21:36:30 PDT	sharpen_csow_corrections.php	scvhistory-web	2 rows	verified	CSOW and Scofield: corrections to Wikipedia stated plainly
2026-09-28 21:53:15 PDT	add_school_structure.php	scvhistory-web	8 rows	verified	gradeSpan, feedsInto; five districts; schools nested; feeds
2026-09-28 21:53:16 PDT	fix_schools_and_csow_image.php	scvhistory-web	3 rows	verified	Newhall Elementary NCES, Hart alias moved, Star Oil featured image
2026-09-28 21:53:22 PDT	add_hart_park_custody_notes.php	scvhistory-web	50 rows	verified	Hart Park custody notes; #15764 linked to the City
2026-09-28 21:53:24 PDT	build_smyth_profiles.php	scvhistory-web	2 rows	verified	Cameron and Clyde Smyth profiles
2026-09-28 21:53:25 PDT	build_city_of_santa_clarita.php	scvhistory-web	1 rows	verified	City of Santa Clarita body, 8 footnotes, communities
2026-09-28 22:16:26 PDT	attach_held_photo_images.php	scvhistory-web	91 rows	verified	held page images attached to imageless photographs
2026-09-28 22:16:27 PDT	build_csun_record.php	scvhistory-web	1 rows	verified	CSUN body scoped to the valley, 10 footnotes
2026-09-28 22:51:27 PDT	update_gutzeit_profile.php	scvhistory-web	1 rows	verified	Gutzeit full public career, 7 footnotes
2026-09-28 22:51:29 PDT	fix_csun_alias.php	scvhistory-web	1 rows	verified	dropped the system name from CSUN aliases
2026-09-28 22:51:31 PDT	disable_bowers_cave.php	scvhistory-web	1 rows	verified	Bowers Cave column off the site pending tribal consultation
2026-09-29 06:57:08 PDT	merge_duplicate_persons.php	scvhistory-web	8 rows	verified	Beale, Carson, Newhall, Marshall duplicates retired; Nadeau links sorted
2026-09-29 07:05:25 PDT	retitle_nadeau_grandson.php	scvhistory-web	1 rows	verified	Remi Nadeau (grandson), with the conflation note
2026-09-29 07:05:28 PDT	add_education.php	scvhistory-web	9 rows	verified: section, type, 11 fields, URLs off	education as records: person, school, years, class, outcome, evidence
2026-09-29 07:05:33 PDT	import_wm_high_schools.php	scvhistory-web	9 rows	verified	nine casualties linked to their valley high schools; four schools created
2026-09-29 07:40:29 PDT	build_scofield_profile.php	scvhistory-web	2 rows	verified	Scofield career 1873-1917; Commons portrait, PD-US-1923 on an unnamed 1911 publication
2026-09-29 07:40:31 PDT	add_elections_schema.php	scvhistory-web	32 rows	verified: 3 sections, 3 types, 26 new fields, candidacyElection resolved	the event, the standing and the transcription fault, each its own record; turnout computed at render
2026-09-29 07:40:38 PDT	apply_review_fixes_0929.php	scvhistory-web	11 rows	verified	aliases, Gutzeit water, Smyth birthday, holdings and portrait, Nadeau, war memorial slugs
2026-09-29 07:40:42 PDT	build_nadeau_and_gutzeit_runs.php	scvhistory-web	2 rows	verified	Remi Nadeau (1867-1941) profile; Gutzeit candidacies 2008, 2014, Congress 2016 withdrawn
2026-09-29 09:47:39 PDT	build_scofield_profile.php	scvhistory-web	2 rows	verified	Scofield career 1873-1917; Commons portrait, PD-US-1923 on an unnamed 1911 publication
2026-09-29 09:47:41 PDT	add_elections_schema.php	scvhistory-web	0 rows	verified: 3 sections, 3 types, 26 new fields, candidacyElection resolved	the event, the standing and the transcription fault, each its own record; turnout computed at render
2026-09-29 09:47:42 PDT	apply_review_fixes_0929.php	scvhistory-web	0 rows	verified	aliases, Gutzeit water, Smyth birthday, holdings and portrait, Nadeau, war memorial slugs
2026-09-29 09:47:44 PDT	build_nadeau_and_gutzeit_runs.php	scvhistory-web	2 rows	verified	Remi Nadeau (1867-1941) profile; Gutzeit candidacies 2008, 2014, Congress 2016 withdrawn
2026-09-29 09:47:51 PDT	add_license_cc_by_sa_2.php	scvhistory-web	1 rows	verified	licence option CC BY-SA 2.0
2026-09-29 09:47:54 PDT	import_city_hall_csun_photos.php	scvhistory-web	2 rows	verified	City Hall (Flickr, CC BY-SA 2.0) and CSUN (Commons, CC BY-SA 3.0)
2026-09-29 11:43:56 PDT	organize_orgs_places.php	scvhistory-web	21 rows	SHORT: placeType #2536; #2536 type reads back 	types for grouping; cemetery option; Rancho Camulos org and Lake Hughes place retired
2026-09-29 11:44:09 PDT	import_elections.php	scvhistory-web	235 rows	SHORT: elections 19, expected 19; candidacies 211, expected 211; faults 5, expected 5	council elections 1987-2024 from the nine City Clerk documents
2026-09-29 12:28:59 PDT	organize_orgs_places.php	scvhistory-web	3 rows	verified	types for grouping; cemetery option; Rancho Camulos org and Lake Hughes place retired
2026-09-29 12:29:01 PDT	add_derived_evidence.php	scvhistory-web	4 rows	verified	"derived" on the evidence scale for the council fields
2026-09-29 12:29:13 PDT	council_winners_and_terms.php	scvhistory-web	74 rows	verified	council winners on the roster and the count; a holding for every term; derived on the evidence scale
2026-09-29 12:55:46 PDT	organize_orgs_places.php	scvhistory-web	2 rows	verified	types for grouping; cemetery option; Rancho Camulos org and Lake Hughes place retired
2026-09-29 12:55:48 PDT	add_derived_evidence.php	scvhistory-web	0 rows	verified	"derived" on the evidence scale for the council fields
2026-09-29 12:55:50 PDT	council_winners_and_terms.php	scvhistory-web	4 rows	verified	council winners on the roster and the count; a holding for every term; derived on the evidence scale
2026-09-29 21:17:40 PDT	add_election_body.php	scvhistory-web	5 rows	verified	electionBody and electionDistrict; council-district and water-division; the title format
2026-09-29 21:17:49 PDT	council_ceda.php	scvhistory-web	97 rows	verified	council read against CEDA; 2020-2024 to roster; 2014 names; repeat candidates; council districts 1 and 3
2026-09-29 21:18:08 PDT	import_ceda_school_boards.php	scvhistory-web	344 rows	verified	five school boards 1995-2024 from CEDA; 25 trustee areas; SCV Water divisions
2026-09-30 20:09:28 PDT	merge_held_names.php	scvhistory-web	5 rows	verified	Dean, Caesar, Wagenaar, Messina, Mercado-Fortine: one person each
2026-09-30 20:09:30 PDT	retitle_hart_high.php	scvhistory-web	1 rows	verified	William S. Hart High School -> Hart High School
2026-09-30 20:09:37 PDT	import_water_boards.php	scvhistory-web	52 rows	verified	CLWA 2016 and SCV Water 2020-2024 from the County's returns
2026-09-30 21:49:27 PDT	add_school_fields.php	scvhistory-web	3 rows	verified	enrolment, schoolIdentity, foundedEvidence
2026-09-30 21:49:29 PDT	add_bioguide_field.php	scvhistory-web	1 rows	verified	bioguideId on the person layout
2026-09-30 21:49:32 PDT	merge_cooper.php	scvhistory-web	5 rows	verified	Bill and William Cooper one person; 2022 Division 1 to roster
2026-09-30 21:49:35 PDT	import_nces_enrolment.php	scvhistory-web	11 rows	verified	enrolment from the NCES Common Core of Data
2026-09-30 21:49:36 PDT	build_ahuja_profile.php	scvhistory-web	3 rows	verified	Aakash Ahuja: profile, office, sources
2026-09-30 21:49:38 PDT	build_ferdman_profile.php	scvhistory-web	1 rows	verified	Alan Ferdman: public-life profile
2026-09-30 21:49:40 PDT	build_smyth_careers.php	scvhistory-web	3 rows	verified	Cameron and Clyde Smyth built out; Cameron at Hart High School
2026-09-30 21:49:42 PDT	build_mckeon_profile.php	scvhistory-web	4 rows	verified	Buck McKeon: profile, offices, Bioguide and Wikidata, the official portrait
2026-09-30 21:49:45 PDT	build_stearns_profile.php	scvhistory-web	2 rows	verified	Abel Stearns profile and the Santa Cruz Sentinel document
2026-09-30 22:13:51 PDT	add_candidate_key.php	scvhistory-web	1 rows	verified	candidateKey on Candidacy
2026-09-30 22:13:53 PDT	fix_mckeon_title.php	scvhistory-web	1 rows	verified	#18791 titled Buck McKeon again
2026-09-30 22:13:55 PDT	detach_ai_collection_bands.php	scvhistory-web	4 rows	verified	AI collection bands out of the archive, now registered banners
2026-09-30 22:14:00 PDT	publish_board_ladder.php	scvhistory-web	1 rows	verified	the board-ladder article
2026-09-30 22:14:19 PDT	remove_insignificant_persons.php	scvhistory-web	32 rows	verified	person records with nothing but lost elections removed; candidate keys kept
2026-09-30 22:45:44 PDT	import_ahuja_portrait.php	scvhistory-web	1 rows	verified	Aakash Ahuja campaign image, rights not established
2026-10-01 01:20:44 PDT	build_perkins_profile.php	scvhistory-web	6 rows	verified	A.B. Perkins: sourced profile, two photograph records, three photographs related; portrait not swapped (Firefly)
2026-10-01 01:42:48 PDT	build_antonio_del_valle_profile.php	scvhistory-web	4 rows	SHORT: #333 note 7	Antonio del Valle profile; Perkins 1957 as a document; Estancia relation; Perkins note 7 corrected
2026-10-01 01:43:15 PDT	build_antonio_del_valle_profile.php	scvhistory-web	4 rows	verified	Antonio del Valle profile; Perkins 1957 as a document; Estancia relation; Perkins note 7 corrected
2026-10-01 01:58:30 PDT	add_content_credentials_field.php	scvhistory-web	1 rows	verified	contentCredentials on archiveMedia
2026-10-01 02:28:22 PDT	import_edited_portraits.php	scvhistory-web	6 rows	verified	six portraits edited by Nathan Imhoff, sources as he gave them
2026-10-01 07:44:15 PDT	build_couts_profile.php	scvhistory-web	1 rows	verified	Cave Johnson Couts: sourced profile; the 1849 Newhall Pass conflation corrected
2026-10-01 08:02:03 PDT	build_ayala_profile.php	scvhistory-web	2 rows	verified	Patsy Ayala: public-life profile and portrait
2026-10-01 08:05:15 PDT	build_worden_profile.php	scvhistory-web	2 rows	verified	Leon Worden: public-life profile and portrait; family detail and birth month removed
2026-10-01 08:28:39 PDT	build_council_profiles.php	scvhistory-web	6 rows	verified	McLean, Gibbs, Miranda: public-life profiles and portraits
2026-10-01 20:48:00 PDT	build_weste_profile.php	scvhistory-web	1 rows	verified	Laurene Weste: public-life profile
2026-10-01 20:53:30 PDT	build_acosta_profile.php	scvhistory-web	2 rows	verified	Dante Acosta: public-life profile; SC1401 as a photograph record
2026-10-01 20:56:35 PDT	fix_gibbs_current_term.php	scvhistory-web	2 rows	verified	Jason Gibbs: first term closed as re-elected; current term from December 2024, per Nathan Imhoff
2026-10-01 20:56:50 PDT	fix_gibbs_current_term.php	scvhistory-web	2 rows	verified	Jason Gibbs: first term closed as re-elected; current term from December 2024, per Nathan Imhoff
2026-10-01 20:58:33 PDT	import_weste_portrait.php	scvhistory-web	2 rows	verified	Laurene Weste: SC1311 council portrait from the mirror as her portrait; birth year
2026-10-01 21:02:42 PDT	add_named_for_fields.php	scvhistory-web	6 rows	verified	namedFor and namingNote on places and organizations
2026-10-01 21:04:52 PDT	build_pico_profile.php	scvhistory-web	3 rows	verified	Andrés Pico profile; Pico Canyon and Pico Canyon Road named for him, three explanations recorded
2026-10-01 21:10:01 PDT	build_cooper_profile.php	scvhistory-web	3 rows	verified	Bill Cooper: public-life profile; Water Board Director office; SCV Water Division 1 holding
2026-10-01 21:14:07 PDT	add_imdb_field.php	scvhistory-web	1 rows	verified	imdbId on the person layout
2026-10-01 21:25:09 PDT	build_hart_profile.php	scvhistory-web	5 rows	verified	William S. Hart: sourced profile, conflicts laid out; IMDb and Wikidata; park, mansion, Hart High and district named for him
2026-10-01 21:42:58 PDT	fix_split_drop_caps.php	scvhistory-web	63 rows	verified	split drop caps rejoined in [lines] bodies; one held
2026-10-01 21:49:14 PDT	fix_split_drop_caps.php	scvhistory-web	3 rows	verified	split drop caps rejoined in [lines] bodies; one held
2026-10-01 21:58:41 PDT	set_wm_lead_images.php	scvhistory-web	37 rows	verified	war memorial lead images: portrait, family, then grave; never maps or papers
2026-10-01 22:00:27 PDT	attach_wiley_obituary_clippings.php	scvhistory-web	1 rows	verified	Wiley obituary: the 1898 and 1876 clippings and the PDF attached
2026-10-01 22:06:38 PDT	create_ncwd_record.php	scvhistory-web	2 rows	verified	Newhall County Water District record; Perkins water-company conflict settled
2026-10-01 22:13:40 PDT	add_named_for_to_communities.php	scvhistory-web	2 rows	verified	namedFor and namingNote on communities
2026-10-01 22:14:40 PDT	set_namesakes.php	scvhistory-web	8 rows	verified	namesakes with a stated source: Wiley Canyon, Mentryville, Vasquez Rocks, Lang Station, Beale's Cut, Carey Ranch, the hospital, Newhall Land
2026-10-01 22:20:44 PDT	assign_person_eras.php	scvhistory-web	47 rows	verified	person eras by public acts; decisions listed in inventory/review/person-eras.md
2026-10-01 22:54:47 PDT	apply_era_decisions.php	scvhistory-web	25 rows	verified	the 25 era decisions; McKeon Cityhood, Weste Mall & Growth; Nadeau noted low confidence
2026-10-01 23:10:23 PDT	apply_multi_eras.php	scvhistory-web	44 rows	verified	every qualifying era added after the primary; Hart Postwar Boom by hand; Tataviam era by hand only
2026-10-01 23:16:58 PDT	fix_live_errors_in_craft.php	scvhistory-web	51 rows	verified	the 18 live errors in Craft: correction notes, one date field; text not rewritten
2026-10-01 23:28:40 PDT	create_scv_water_event.php	scvhistory-web	1 rows	verified	event: the SCV Water consolidation, 1 January 2018, the first anchor event
2026-10-01 23:54:49 PDT	trim_living_birth_dates.php	scvhistory-web	2 rows	verified	living people: birth dates cut to the year in fields, recordDates and body
2026-10-02 00:10:14 PDT	add_record_dates_rejected.php	scvhistory-web	1 rows	verified	recordDates: "Not for the calendar" column
2026-10-02 00:12:05 PDT	decide_record_dates.php	scvhistory-web	65 rows	verified	recordDates: {"confirm":34,"reject: dateline":13,"reject: list":10,"reject: publication date":8}
2026-10-02 00:18:18 PDT	trim_wilk_to_public_life.php	scvhistory-web	1 rows	verified	Wilk: family, pasted citation labels and the garbled sentence removed
2026-10-02 00:22:46 PDT	note_wm_no_likeness.php	scvhistory-web	16 rows	verified	war memorial: no likeness known on 16 records (portrait tags commented out on the legacy pages); Wingfield missing in action, Walls of the Missing
2026-10-02 00:30:34 PDT	add_fact_sources_field.php	scvhistory-web	1 rows	verified	factSources table on war memorial records
2026-10-02 00:33:12 PDT	source_wm_pilot.php	scvhistory-web	5 rows	verified	war memorial sourcing pilot: North, Cordova, Acuna, Smith, Larsen; footnotes, facts and their sources, North's date of death corrected to April 7, 1919
2026-10-02 07:56:47 PDT	source_wm_ww2_batch1.php	scvhistory-web	10 rows	verified	war memorial sourcing, World War II batch 1: ten Army records from the 1946 Honor List, NARA enlistment records and ABMC; Bartlett, Contreras and Balsz death dates set from ABMC
2026-10-02 08:29:04 PDT	fix_pasted_labels_and_scv_founded.php	scvhistory-web	2 rows	verified	pasted source labels removed from SCV Water and the Newhall Pass interchange; SCV Water founded January 1, 2018, with a correction note
2026-10-02 09:16:38 PDT	source_wm_ww2_batch2.php	scvhistory-web	5 rows	verified	war memorial sourcing, World War II batch 2: Whitmore, Cherry, Fose from the Navy's 1946 list; Redmond and Pineau from the Army Honor List; Redmond's death corrected to December 21, 1944 from ABMC; Pineau's burial field cleaned
2026-10-02 09:35:18 PDT	note_wm_searched_not_found.php	scvhistory-web	5 rows	verified	war memorial: what was searched and not found, on the five unsourced World War II records
2026-10-02 09:38:23 PDT	fix_signal_founded.php	scvhistory-web	1 rows	verified	the Signal founded February 7, 1919 (Reynolds), not 2019
2026-10-02 09:53:30 PDT	add_north_differences.php	scvhistory-web	1 rows	verified	North: born and entered-service differences in the facts table
